// Jest Snapshot v1, https://goo.gl/fbAQLP

exports[`renders to match the snapshot 1`] = `
<nav
  className="navbar"
>
  <h1>
     Math Magicians 
  </h1>
  <div
    className="links"
  >
    <a
      href="/"
    >
      Home
    </a>
    <a
      href="/App"
    >
      Calculator
    </a>
    <a
      href="/Quote"
    >
      Quote
    </a>
  </div>
</nav>
`;
